// Jest Snapshot v1, https://goo.gl/fbAQLP

exports[`matches snapshot 1`] = `
<DocumentFragment>
  <div
    class="LoginForm"
  >
    <div
      class="container col-md-6 offset-md-3 col-lg-4 offset-lg-4"
    >
      <h3
        class="mb-3"
      >
        Log In
      </h3>
      <div
        class="card"
      >
        <div
          class="card-body"
        >
          <form>
            <div
              class="form-group"
            >
              <label>
                Username
              </label>
              <input
                autocomplete="username"
                class="form-control"
                name="username"
                required=""
                value=""
              />
            </div>
            <div
              class="form-group"
            >
              <label>
                Password
              </label>
              <input
                autocomplete="current-password"
                class="form-control"
                name="password"
                required=""
                type="password"
                value=""
              />
            </div>
            <span
              class="flex justify-around items-center"
            >
              <i
                class="absolute mr-10"
                fill="currentColor"
                style="display: inline-block;"
              >
                <svg
                  fill="none"
                  height="25"
                  stroke="currentColor"
                  stroke-linecap="round"
                  stroke-linejoin="round"
                  stroke-width="2"
                  style="display: inline-block; vertical-align: middle;"
                  viewBox="0 0 24 24"
                  width="25"
                >
                  <path
                    d="M17.94 17.94A10.07 10.07 0 0 1 12 20c-7 0-11-8-11-8a18.45 18.45 0 0 1 5.06-5.94M9.9 4.24A9.12 9.12 0 0 1 12 4c7 0 11 8 11 8a18.5 18.5 0 0 1-2.16 3.19m-6.72-1.07a3 3 0 1 1-4.24-4.24"
                  />
                  <line
                    x1="1"
                    x2="23"
                    y1="1"
                    y2="23"
                  />
                </svg>
              </i>
            </span>
            <button
              class="btn btn-primary float-right"
            >
              Submit
            </button>
          </form>
        </div>
      </div>
    </div>
  </div>
</DocumentFragment>
`;
